// Vitest Snapshot v1

exports[`@candor/ipld-database/table > should create a current block 1`] = `
{
  "headers": {
    "encrypted": false,
    "index": 0,
    "recordsFrom": 1,
    "recordsTo": 1,
    "schema": "test",
    "table": "test",
  },
  "prevCID": undefined,
}
`;

exports[`@candor/ipld-database/table > should index records 1`] = `
{
  "name": {
    "z4TJrksEjp8": {
      "ids": [
        1,
      ],
      "values": [
        "foo",
      ],
    },
  },
}
`;

exports[`@candor/ipld-database/table > should rollup records with indexes 1`] = `
{
  "name": {
    "zPbkLwYJQbRmZQwe": {
      "ids": [
        1,
      ],
      "values": [
        "test #0",
      ],
    },
    "zPbkLwYJQbRmZkRa": {
      "ids": [
        2,
      ],
      "values": [
        "test #1",
      ],
    },
    "zPbkLwYJQbRma5uW": {
      "ids": [
        3,
      ],
      "values": [
        "test #2",
      ],
    },
    "zPbkLwYJQbRmaRPS": {
      "ids": [
        4,
      ],
      "values": [
        "test #3",
      ],
    },
    "zPbkLwYJQbRmaksN": {
      "ids": [
        5,
      ],
      "values": [
        "test #4",
      ],
    },
    "zPbkLwYJQbRmb6MJ": {
      "ids": [
        6,
      ],
      "values": [
        "test #5",
      ],
    },
    "zPbkLwYJQbRmbRqE": {
      "ids": [
        7,
      ],
      "values": [
        "test #6",
      ],
    },
    "zPbkLwYJQbRmbmKA": {
      "ids": [
        8,
      ],
      "values": [
        "test #7",
      ],
    },
    "zPbkLwYJQbRmc6o6": {
      "ids": [
        9,
      ],
      "values": [
        "test #8",
      ],
    },
    "zPbkLwYJQbRmcSH2": {
      "ids": [
        10,
      ],
      "values": [
        "test #9",
      ],
    },
  },
}
`;
